C51 COMPILER V9.54   MAIN                                                                  03/08/2026 15:54:28 PAGE 1   


C51 COMPILER V9.54, COMPILATION OF MODULE MAIN
OBJECT MODULE PLACED IN .\Objects\main.obj
COMPILER INVOKED BY: D:\keil5\C51\BIN\C51.EXE main.c OPTIMIZE(8,SPEED) BROWSE DEBUG OBJECTEXTEND PRINT(.\Listings\main.l
                    -st) OBJECT(.\Objects\main.obj)

line level    source

   1          #include <REGX52.H>
   2          
   3          void Delay(unsigned int xms)    //@12.000MHz
   4          {
   5   1          unsigned char i, j;
   6   1          while(xms--)
   7   1          {
   8   2              i = 2;
   9   2              j = 239;
  10   2              do
  11   2              {
  12   3                  while (--j);
  13   3              } while (--i);
  14   2          }
  15   1      }
  16          unsigned char LEDNUM=0;
  17          void main()
  18          {
  19   1              
  20   1              P2_0=0;
  21   1              while(1)
  22   1              {
  23   2                      
  24   2                      if(P3_1==0)
  25   2                      {
  26   3                              Delay(20);
  27   3                              while(P3_1==0)
  28   3                              Delay(20);
  29   3                              LEDNUM++;
  30   3                              if(LEDNUM==8)
  31   3                                      LEDNUM=0;
  32   3                              P2=~(0x01<<LEDNUM);
  33   3      
  34   3                      }       
  35   2      
  36   2              
  37   2              
  38   2                      
  39   2                      if(P3_0==0)
  40   2                      {
  41   3                              Delay(20);
  42   3                              while(P3_0==0)
  43   3                              Delay(20);
  44   3                              
  45   3                              
  46   3                              if(LEDNUM==0)
  47   3                                      LEDNUM=7;
  48   3                          else
  49   3                                      LEDNUM--;
  50   3                              P2=~(0x01<<LEDNUM);
  51   3                      }
  52   2              
  53   2              }
  54   1              
C51 COMPILER V9.54   MAIN                                                                  03/08/2026 15:54:28 PAGE 2   

  55   1      }


MODULE INFORMATION:   STATIC OVERLAYABLE
   CODE SIZE        =    112    ----
   CONSTANT SIZE    =   ----    ----
   XDATA SIZE       =   ----    ----
   PDATA SIZE       =   ----    ----
   DATA SIZE        =      1    ----
   IDATA SIZE       =   ----    ----
   BIT SIZE         =   ----    ----
END OF MODULE INFORMATION.


C51 COMPILATION COMPLETE.  0 WARNING(S),  0 ERROR(S)
